[     361ms] [LOG] [Fast Refresh] rebuilding @ http://localhost:3001/_next/static/chunks/11.7_next_dist_0s72kcj._.js:2477
[     442ms] [LOG] [Fast Refresh] done in 186ms @ http://localhost:3001/_next/static/chunks/11.7_next_dist_0s72kcj._.js:2477
[     797ms] [INFO] %cDownload the React DevTools for a better development experience: https://react.dev/link/react-devtools font-weight:bold @ http://localhost:3001/_next/static/chunks/11.7_next_dist_0s72kcj._.js:2477
[     907ms] [LOG] [HMR] connected @ http://localhost:3001/_next/static/chunks/11.7_next_dist_0s72kcj._.js:2477
[    8419ms] [LOG] [Fast Refresh] rebuilding @ http://localhost:3001/_next/static/chunks/11.7_next_dist_0s72kcj._.js:2477
[    9116ms] [LOG] [Fast Refresh] done in 800ms @ http://localhost:3001/_next/static/chunks/11.7_next_dist_0s72kcj._.js:2477
[  106841ms] [LOG] [Fast Refresh] rebuilding @ http://localhost:3001/_next/static/chunks/11.7_next_dist_0s72kcj._.js:2477
[  107141ms] [LOG] [Fast Refresh] done in 406ms @ http://localhost:3001/_next/static/chunks/11.7_next_dist_0s72kcj._.js:2477
[  108198ms] [LOG] [Fast Refresh] rebuilding @ http://localhost:3001/_next/static/chunks/11.7_next_dist_0s72kcj._.js:2477
[  108304ms] [LOG] [Fast Refresh] done in 220ms @ http://localhost:3001/_next/static/chunks/11.7_next_dist_0s72kcj._.js:2477
[  113014ms] [LOG] [Fast Refresh] rebuilding @ http://localhost:3001/_next/static/chunks/11.7_next_dist_0s72kcj._.js:2477
[  113149ms] [LOG] [Fast Refresh] done in 238ms @ http://localhost:3001/_next/static/chunks/11.7_next_dist_0s72kcj._.js:2477
[  117988ms] [LOG] [Fast Refresh] rebuilding @ http://localhost:3001/_next/static/chunks/11.7_next_dist_0s72kcj._.js:2477
[  118056ms] [LOG] [Fast Refresh] done in 169ms @ http://localhost:3001/_next/static/chunks/11.7_next_dist_0s72kcj._.js:2477
[  119901ms] [LOG] [Fast Refresh] rebuilding @ http://localhost:3001/_next/static/chunks/11.7_next_dist_0s72kcj._.js:2477
[  128128ms] [LOG] [Fast Refresh] done in 8335ms @ http://localhost:3001/_next/static/chunks/11.7_next_dist_0s72kcj._.js:2477
[  128338ms] [LOG] [Fast Refresh] rebuilding @ http://localhost:3001/_next/static/chunks/11.7_next_dist_0s72kcj._.js:2477
[  128389ms] [LOG] [Fast Refresh] done in 151ms @ http://localhost:3001/_next/static/chunks/11.7_next_dist_0s72kcj._.js:2477
[  283967ms] [LOG] [Fast Refresh] rebuilding @ http://localhost:3001/_next/static/chunks/11.7_next_dist_0s72kcj._.js:2477
[  286019ms] [LOG] [Fast Refresh] done in 2168ms @ http://localhost:3001/_next/static/chunks/11.7_next_dist_0s72kcj._.js:2477
[  959031ms] [LOG] [Fast Refresh] rebuilding @ http://localhost:3001/_next/static/chunks/11.7_next_dist_0s72kcj._.js:2477
[  962489ms] [LOG] [Fast Refresh] done in 3631ms @ http://localhost:3001/_next/static/chunks/11.7_next_dist_0s72kcj._.js:2477
[  962727ms] [LOG] [Fast Refresh] rebuilding @ http://localhost:3001/_next/static/chunks/11.7_next_dist_0s72kcj._.js:2477
[  963940ms] [LOG] [Fast Refresh] done in 1316ms @ http://localhost:3001/_next/static/chunks/11.7_next_dist_0s72kcj._.js:2477
[  976323ms] [LOG] [Fast Refresh] rebuilding @ http://localhost:3001/_next/static/chunks/11.7_next_dist_0s72kcj._.js:2477
[  976946ms] [LOG] [Fast Refresh] done in 719ms @ http://localhost:3001/_next/static/chunks/11.7_next_dist_0s72kcj._.js:2477
[  977090ms] [LOG] [Fast Refresh] rebuilding @ http://localhost:3001/_next/static/chunks/11.7_next_dist_0s72kcj._.js:2477
[  978153ms] [LOG] [Fast Refresh] done in 1165ms @ http://localhost:3001/_next/static/chunks/11.7_next_dist_0s72kcj._.js:2477
[  978304ms] [LOG] [Fast Refresh] rebuilding @ http://localhost:3001/_next/static/chunks/11.7_next_dist_0s72kcj._.js:2477
[  978344ms] [LOG] [Fast Refresh] done in 146ms @ http://localhost:3001/_next/static/chunks/11.7_next_dist_0s72kcj._.js:2477
