[     133ms] [LOG] [Fast Refresh] rebuilding @ http://localhost:3001/_next/static/chunks/11.7_next_dist_0s72kcj._.js:2477
[    1943ms] [LOG] [Fast Refresh] done in 1914ms @ http://localhost:3001/_next/static/chunks/11.7_next_dist_0s72kcj._.js:2477
[    2307ms] [INFO] %cDownload the React DevTools for a better development experience: https://react.dev/link/react-devtools font-weight:bold @ http://localhost:3001/_next/static/chunks/11.7_next_dist_0s72kcj._.js:2477
[    2339ms] [LOG] [HMR] connected @ http://localhost:3001/_next/static/chunks/11.7_next_dist_0s72kcj._.js:2477
[    2414ms] [ERROR] In HTML, %s cannot be a descendant of <%s>.
This will cause a hydration error.%s <button> button 

  ...
    <ScrollAndMaybeFocusHandler cacheNode={{rsc:{...}, ...}}>
      <InnerScrollAndFocusHandlerOld focusAndScrollRef={{scrollRef:null, ...}} cacheNode={{rsc:{...}, ...}}>
        <ErrorBoundary errorComponent={undefined} errorStyles={undefined} errorScripts={undefined}>
          <LoadingBoundary name="categories/" loading={null}>
            <HTTPAccessFallbackBoundary notFound={undefined} forbidden={undefined} unauthorized={undefined}>
              <RedirectBoundary>
                <RedirectErrorBoundary router={{...}}>
                  <InnerLayoutRouter url="/categories" tree={[...]} params={{}} cacheNode={{rsc:{...}, ...}} ...>
                    <SegmentViewNode type="page" pagePath="categories...">
                      <SegmentTrieNode>
                      <CategoriesPage>
                        <div style={{height:"100%", ...}} className="scrollbar-...">
                          <div>
                          <CategoryGrid categories={[...]}>
                            <div style={{display:"grid", ...}}>
                              <CategoryCard category={{slug:"ai-m...", ...}} onPress={function handleCategoryPress}>
>                               <button
>                                 onClick={function onClick}
>                                 style={{display:"flex",flexDirection:"column",gap:"8px",padding:"16px",background:"#ffffff", ...}}
>                               >
>                                 <button
>                                   onClick={function onClick}
>                                   style={{position:"absolute",top:"12px",right:"12px",background:"none",border:"none",padding:"4px",cursor:"p...", ...}}
>                                   aria-label="Pin category"
>                                 >
                                  ...
                              ...
                    ...
                  ...
        ...
 @ http://localhost:3001/_next/static/chunks/11.7_next_dist_0s72kcj._.js:3318
[    2555ms] Error: Hydration failed because the server rendered HTML didn't match the client. As a result this tree will be regenerated on the client. This can happen if a SSR-ed Client Component used:

- A server/client branch `if (typeof window !== 'undefined')`.
- Variable input such as `Date.now()` or `Math.random()` which changes each time it's called.
- Date formatting in a user's locale which doesn't match the server.
- External changing data without sending a snapshot of it along with the HTML.
- Invalid HTML tag nesting.

It can also happen if the client has a browser extension installed which messes with the HTML before React loaded.

https://react.dev/link/hydration-mismatch
    at throwOnHydrationMismatch (http://localhost:3001/_next/static/chunks/11.7_next_dist_compiled_react-dom_0zik026._.js:3318:56)
    at beginWork (http://localhost:3001/_next/static/chunks/11.7_next_dist_compiled_react-dom_0zik026._.js:6758:918)
    at runWithFiberInDEV (http://localhost:3001/_next/static/chunks/11.7_next_dist_compiled_react-dom_0zik026._.js:965:74)
    at performUnitOfWork (http://localhost:3001/_next/static/chunks/11.7_next_dist_compiled_react-dom_0zik026._.js:9555:97)
    at workLoopConcurrentByScheduler (http://localhost:3001/_next/static/chunks/11.7_next_dist_compiled_react-dom_0zik026._.js:9551:58)
    at renderRootConcurrent (http://localhost:3001/_next/static/chunks/11.7_next_dist_compiled_react-dom_0zik026._.js:9534:71)
    at performWorkOnRoot (http://localhost:3001/_next/static/chunks/11.7_next_dist_compiled_react-dom_0zik026._.js:9061:150)
    at performWorkOnRootViaSchedulerTask (http://localhost:3001/_next/static/chunks/11.7_next_dist_compiled_react-dom_0zik026._.js:10255:9)
    at MessagePort.performWorkUntilDeadline (http://localhost:3001/_next/static/chunks/11.7_next_dist_compiled_0xfef50._.js:2647:64)
[    2707ms] [LOG] [Fast Refresh] rebuilding @ http://localhost:3001/_next/static/chunks/11.7_next_dist_0s72kcj._.js:2477
[    2843ms] [LOG] [Fast Refresh] done in 240ms @ http://localhost:3001/_next/static/chunks/11.7_next_dist_0s72kcj._.js:2477
[   12043ms] [LOG] [Fast Refresh] rebuilding @ http://localhost:3001/_next/static/chunks/11.7_next_dist_0s72kcj._.js:2477
[   12482ms] [LOG] [Fast Refresh] done in 542ms @ http://localhost:3001/_next/static/chunks/11.7_next_dist_0s72kcj._.js:2477
[   69704ms] [LOG] [Fast Refresh] rebuilding @ http://localhost:3001/_next/static/chunks/11.7_next_dist_0s72kcj._.js:2477
[   71727ms] [ERROR] ./ai-changelog/src/components/categories/CategoryCard.tsx:129:7
Expected corresponding JSX closing tag for <div>
  127 |         )}
  128 |       </div>
> 129 |     </button>
      |       ^^^^^^
  130 |   );
  131 | }
  132 |

Parsing ecmascript source code failed

Import traces:
  Client Component Browser:
    ./ai-changelog/src/components/categories/CategoryCard.tsx [Client Component Browser]
    ./ai-changelog/src/components/categories/CategoryGrid.tsx [Client Component Browser]
    ./ai-changelog/src/components/categories/CategoryGrid.tsx [Server Component]
    ./ai-changelog/src/app/categories/page.tsx [Server Component]

  Client Component SSR:
    ./ai-changelog/src/components/categories/CategoryCard.tsx [Client Component SSR]
    ./ai-changelog/src/components/categories/CategoryGrid.tsx [Client Component SSR]
    ./ai-changelog/src/components/categories/CategoryGrid.tsx [Server Component]
    ./ai-changelog/src/app/categories/page.tsx [Server Component] @ http://localhost:3001/_next/static/chunks/11.7_next_dist_0s72kcj._.js:3318
[   72074ms] [ERROR] ./ai-changelog/src/components/categories/CategoryCard.tsx:129:7
Expected corresponding JSX closing tag for <div>
  127 |         )}
  128 |       </div>
> 129 |     </button>
      |       ^^^^^^
  130 |   );
  131 | }
  132 |

Parsing ecmascript source code failed

Import traces:
  Client Component Browser:
    ./ai-changelog/src/components/categories/CategoryCard.tsx [Client Component Browser]
    ./ai-changelog/src/components/categories/CategoryGrid.tsx [Client Component Browser]
    ./ai-changelog/src/components/categories/CategoryGrid.tsx [Server Component]
    ./ai-changelog/src/app/categories/page.tsx [Server Component]

  Client Component SSR:
    ./ai-changelog/src/components/categories/CategoryCard.tsx [Client Component SSR]
    ./ai-changelog/src/components/categories/CategoryGrid.tsx [Client Component SSR]
    ./ai-changelog/src/components/categories/CategoryGrid.tsx [Server Component]
    ./ai-changelog/src/app/categories/page.tsx [Server Component] @ http://localhost:3001/_next/static/chunks/11.7_next_dist_0s72kcj._.js:3318
[   72189ms] [LOG] [Fast Refresh] rebuilding @ http://localhost:3001/_next/static/chunks/11.7_next_dist_0s72kcj._.js:2477
[   75706ms] [ERROR] ./ai-changelog/src/components/categories/CategoryCard.tsx:129:7
Expected corresponding JSX closing tag for <div>
  127 |         )}
  128 |       </div>
> 129 |     </button>
      |       ^^^^^^
  130 |   );
  131 | }
  132 |

Parsing ecmascript source code failed

Import traces:
  Client Component Browser:
    ./ai-changelog/src/components/categories/CategoryCard.tsx [Client Component Browser]
    ./ai-changelog/src/components/categories/CategoryGrid.tsx [Client Component Browser]
    ./ai-changelog/src/components/categories/CategoryGrid.tsx [Server Component]
    ./ai-changelog/src/app/categories/page.tsx [Server Component]

  Client Component SSR:
    ./ai-changelog/src/components/categories/CategoryCard.tsx [Client Component SSR]
    ./ai-changelog/src/components/categories/CategoryGrid.tsx [Client Component SSR]
    ./ai-changelog/src/components/categories/CategoryGrid.tsx [Server Component]
    ./ai-changelog/src/app/categories/page.tsx [Server Component] @ http://localhost:3001/_next/static/chunks/11.7_next_dist_0s72kcj._.js:3318
[   75815ms] [LOG] [Fast Refresh] rebuilding @ http://localhost:3001/_next/static/chunks/11.7_next_dist_0s72kcj._.js:2477
[   75887ms] [ERROR] ./ai-changelog/src/components/categories/CategoryCard.tsx:129:7
Expected corresponding JSX closing tag for <div>
  127 |         )}
  128 |       </div>
> 129 |     </button>
      |       ^^^^^^
  130 |   );
  131 | }
  132 |

Parsing ecmascript source code failed

Import traces:
  Client Component Browser:
    ./ai-changelog/src/components/categories/CategoryCard.tsx [Client Component Browser]
    ./ai-changelog/src/components/categories/CategoryGrid.tsx [Client Component Browser]
    ./ai-changelog/src/components/categories/CategoryGrid.tsx [Server Component]
    ./ai-changelog/src/app/categories/page.tsx [Server Component]

  Client Component SSR:
    ./ai-changelog/src/components/categories/CategoryCard.tsx [Client Component SSR]
    ./ai-changelog/src/components/categories/CategoryGrid.tsx [Client Component SSR]
    ./ai-changelog/src/components/categories/CategoryGrid.tsx [Server Component]
    ./ai-changelog/src/app/categories/page.tsx [Server Component] @ http://localhost:3001/_next/static/chunks/11.7_next_dist_0s72kcj._.js:3318
[   75991ms] [LOG] [Fast Refresh] rebuilding @ http://localhost:3001/_next/static/chunks/11.7_next_dist_0s72kcj._.js:2477
[   79004ms] [ERROR] Failed to load resource: the server responded with a status of 500 (Internal Server Error) @ http://localhost:3001/categories?_rsc=ML4ozSjtxJ6s9QOQ:0
[   79279ms] [LOG] [Fast Refresh] done in 3272ms @ http://localhost:3001/_next/static/chunks/11.7_next_dist_0s72kcj._.js:2477
[   79387ms] [LOG] [Fast Refresh] rebuilding @ http://localhost:3001/_next/static/chunks/11.7_next_dist_0s72kcj._.js:2477
[   79840ms] [LOG] [Fast Refresh] done in 557ms @ http://localhost:3001/_next/static/chunks/11.7_next_dist_0s72kcj._.js:2477
[   80690ms] [INFO] %cDownload the React DevTools for a better development experience: https://react.dev/link/react-devtools font-weight:bold @ http://localhost:3001/_next/static/chunks/11.7_next_dist_0s72kcj._.js:2477
[   80820ms] [LOG] [HMR] connected @ http://localhost:3001/_next/static/chunks/11.7_next_dist_0s72kcj._.js:2477
[   86217ms] [LOG] [Fast Refresh] rebuilding @ http://localhost:3001/_next/static/chunks/11.7_next_dist_0s72kcj._.js:2477
[   86835ms] [LOG] [Fast Refresh] done in 709ms @ http://localhost:3001/_next/static/chunks/11.7_next_dist_0s72kcj._.js:2477
[   86983ms] [LOG] [Fast Refresh] rebuilding @ http://localhost:3001/_next/static/chunks/11.7_next_dist_0s72kcj._.js:2477
[   87501ms] [LOG] [Fast Refresh] done in 625ms @ http://localhost:3001/_next/static/chunks/11.7_next_dist_0s72kcj._.js:2477
